I'm sorry, but errors were detected in your script. Please correct the
errors listed below, and try again.


File "game/2evicted.rpy", line 55: invalid syntax
    cashFlowStatement.changeItemValue("food", int(compInt((cashFlowStatement.getValue("food")), 8, .01i)))
                                                                                                       ^
    

Ren'Py Version: Ren'Py 6.99.14.1.3218
Wed Apr 25 02:56:06 2018
